initial-static-no-packet PASS
pause-label PASS
pause-freezes-packet-and-highlights PASS
completed-hides-packet PASS
reset-clears-state PASS
recorded-failure PASS
switch-stops-replay PASS
missing-stages-never-highlighted PASS
empty-session-no-invented-request PASS
live-motion-setting-stops-packet PASS
reduced-motion-only-available-stages PASS
monitoring-1440-dark-no-page-overflow PASS
monitoring-1440-dark-local-resources-only PASS
monitoring-1440-light-no-page-overflow PASS
monitoring-1440-light-local-resources-only PASS
monitoring-1440-no-page-errors PASS
monitoring-390-dark-no-page-overflow PASS
monitoring-390-dark-local-resources-only PASS
monitoring-390-light-no-page-overflow PASS
monitoring-390-light-local-resources-only PASS
monitoring-390-no-page-errors PASS
monitoring-320-dark-no-page-overflow PASS
monitoring-320-dark-local-resources-only PASS
monitoring-320-light-no-page-overflow PASS
monitoring-320-light-local-resources-only PASS
monitoring-320-no-page-errors PASS
style-board-1440-dark-no-page-overflow PASS
style-board-1440-dark-local-resources-only PASS
style-board-1440-light-no-page-overflow PASS
style-board-1440-light-local-resources-only PASS
style-board-1440-no-page-errors PASS
style-board-390-dark-no-page-overflow PASS
style-board-390-dark-local-resources-only PASS
style-board-390-light-no-page-overflow PASS
style-board-390-light-local-resources-only PASS
style-board-390-no-page-errors PASS
style-board-320-dark-no-page-overflow PASS
style-board-320-dark-local-resources-only PASS
style-board-320-light-no-page-overflow PASS
style-board-320-light-local-resources-only PASS
style-board-320-no-page-errors PASS
frontend-hashes-unchanged-this-verification PASS
