
Running 3 tests using 1 worker

  ✘  1 tests/browser/monitoring.spec.ts:189:1 › activity settings expose refresh and animation controls outside the route map (5.2s)
  ✘  2 tests/browser/monitoring.spec.ts:206:1 › activity sample failure is shown as unavailable and can be retried without policy writes (30.0s)
  ✘  3 tests/browser/responsive.spec.ts:8:1 › top-level view buttons stay compact on desktop and usable on mobile (1.8s)


  1) tests/browser/monitoring.spec.ts:189:1 › activity settings expose refresh and animation controls outside the route map 

    Error: expect(locator).toBeVisible() failed

    Locator: locator('details[data-dashboard-settings]')
    Expected: visible
    Timeout: 5000ms
    Error: element(s) not found

    Call log:
      - Expect "toBeVisible" locator('details[data-dashboard-settings]') with timeout 5000ms
      - waiting for locator('details[data-dashboard-settings]')


      192 |     await openDashboard(page);
      193 |     const settings = page.locator("details[data-dashboard-settings]");
    > 194 |     await expect(settings).toBeVisible();
          |                            ^
      195 |     await settings.locator("summary").click();
      196 |     await expect(settings.getByRole("button", { name: "Refresh activity" })).toBeVisible();
      197 |     const toggle = settings.getByRole("button", { name: "Pause animation" });
        at /Users/texas/Workspace/jev-llmroute-test/frontend/tests/browser/monitoring.spec.ts:194:28

    Error Context: node_modules/.cache/playwright-results/monitoring-activity-settin-2963c-trols-outside-the-route-map/error-context.md

  2) tests/browser/monitoring.spec.ts:206:1 › activity sample failure is shown as unavailable and can be retried without policy writes 

    Test timeout of 30000ms exceeded.

    Error: locator.click: Test timeout of 30000ms exceeded.
    Call log:
      - waiting for getByRole('button', { name: 'Refresh activity' })


      209 |   await expect(page.getByRole("status").filter({ hasText: "Activity unavailable" })).toBeVisible();
      210 |   const activityCallsBeforeRetry = mockApi.requests.filter(({ path }) => path === "/v1/routing/activity").length;
    > 211 |   await page.getByRole("button", { name: "Refresh activity" }).click();
          |                                                                ^
      212 |   await expect(page.getByRole("status").filter({ hasText: "In flight" })).toBeVisible();
      213 |   expect(mockApi.requests.filter(({ path }) => path === "/v1/routing/activity").length).toBeGreaterThan(activityCallsBeforeRetry);
      214 |   expect(mockApi.requests.filter(({ method, path }) => method !== "GET" && path.includes("configuration"))).toEqual([]);
        at /Users/texas/Workspace/jev-llmroute-test/frontend/tests/browser/monitoring.spec.ts:211:64

    Error Context: node_modules/.cache/playwright-results/monitoring-activity-sample-8e8a0-tried-without-policy-writes/error-context.md

  3) tests/browser/responsive.spec.ts:8:1 › top-level view buttons stay compact on desktop and usable on mobile 

    Error: browser suite must remain isolated from unmocked APIs and origins

    expect(received).toEqual(expected) // deep equality

    - Expected  - 1
    + Received  + 8

    - Array []
    + Array [
    +   "GET /v1/provider-configuration",
    +   "GET /v1/provider-configuration",
    +   "GET /v1/provider-configuration",
    +   "GET /v1/provider-configuration",
    +   "GET /v1/provider-configuration",
    +   "GET /v1/provider-configuration",
    + ]

       at fixtures.ts:14

      12 |     });
      13 |     await use(state);
    > 14 |     expect(state.unexpected, "browser suite must remain isolated from unmocked APIs and origins").toEqual([]);
         |                                                                                                   ^
      15 |     expect(state.requests.filter(({ method, path }) => method !== "GET" && path !== "/v1/dashboard/canvas-layout" && !state.allowedWrites.some((write) => write.method === method && write.path === path))).toEqual([]);
      16 |   }, { auto: true }],
      17 | });
        at Object.base.extend.mockApi.auto (/Users/texas/Workspace/jev-llmroute-test/frontend/tests/browser/fixtures.ts:14:99)

    Error Context: node_modules/.cache/playwright-results/responsive-top-level-view--a7214-esktop-and-usable-on-mobile/error-context.md

  3 failed
    tests/browser/monitoring.spec.ts:189:1 › activity settings expose refresh and animation controls outside the route map 
    tests/browser/monitoring.spec.ts:206:1 › activity sample failure is shown as unavailable and can be retried without policy writes 
    tests/browser/responsive.spec.ts:8:1 › top-level view buttons stay compact on desktop and usable on mobile 
